###############################################################################
#                                                                             #
# IAR C/C++ Compiler V7.51A/W32 for 8051                21/Aug/2013  00:30:06 #
# Copyright 2004-2009 IAR Systems AB.                                         #
#                                                                             #
#    Core               =  plain                                              #
#    Code model         =  banked                                             #
#    Data model         =  large                                              #
#    Calling convention =  xdata reentrant                                    #
#    Constant location  =  data_rom                                           #
#    Dptr setup         =  1,16                                               #
#    Source file        =  D:\Texas Instruments\ZStack-CC2530-2.3.0-1.4.0\Pro #
#                          jects\zstack\Samples\Te\Source\OSAL_Te.c           #
#    Command line       =  -f "D:\Texas Instruments\ZStack-CC2530-2.3.0-1.4.0 #
#                          \Projects\zstack\Samples\Te\CC2530DB\..\..\..\Tool #
#                          s\CC2530DB\f8wEndev.cfg" (-DCPU32MHZ               #
#                          -DROOT=__near_func -DBLINK_LEDS) -f "D:\Texas      #
#                          Instruments\ZStack-CC2530-2.3.0-1.4.0\Projects\zst #
#                          ack\Samples\Te\CC2530DB\..\..\..\Tools\CC2530DB\f8 #
#                          wConfig.cfg" (-DSECURE=0 -DZG_SECURE_DYNAMIC=0     #
#                          -DREFLECTOR -DDEFAULT_CHANLIST=0x00000800          #
#                          -DZDAPP_CONFIG_PAN_ID=0xFFFF                       #
#                          -DNWK_START_DELAY=100 -DEXTENDED_JOINING_RANDOM_MA #
#                          SK=0x007F -DBEACON_REQUEST_DELAY=100               #
#                          -DBEACON_REQ_DELAY_MASK=0x00FF                     #
#                          -DROUTE_EXPIRY_TIME=30 -DAPSC_ACK_WAIT_DURATION_PO #
#                          LLED=3000 -DNWK_INDIRECT_MSG_TIMEOUT=7             #
#                          -DMAX_RREQ_ENTRIES=8 -DAPSC_MAX_FRAME_RETRIES=3    #
#                          -DNWK_MAX_DATA_RETRIES=2                           #
#                          -DMAX_POLL_FAILURE_RETRIES=2 -DMAX_BCAST=9         #
#                          -DAPS_MAX_GROUPS=16 -DMAX_RTG_ENTRIES=40           #
#                          -DNWK_MAX_BINDING_ENTRIES=4                        #
#                          -DMAX_BINDING_CLUSTER_IDS=4 "-DDEFAULT_KEY={0x01,  #
#                          0x03, 0x05, 0x07, 0x09, 0x0B, 0x0D, 0x0F, 0x00,    #
#                          0x02, 0x04, 0x06, 0x08, 0x0A, 0x0C, 0x0D}"         #
#                          -DMAC_MAX_FRAME_SIZE=116 "-DCONST=const __code"    #
#                          -DGENERIC=__generic -DRFD_RCVC_ALWAYS_ON=FALSE     #
#                          -DPOLL_RATE=1000 -DQUEUED_POLL_RATE=100            #
#                          -DRESPONSE_POLL_RATE=100) -DREJOIN_POLL_RATE=440   #
#                          "D:\Texas Instruments\ZStack-CC2530-2.3.0-1.4.0\Pr #
#                          ojects\zstack\Samples\Te\Source\OSAL_Te.c" -D      #
#                          NWK_AUTO_POLL -D ZTOOL_P1 -D MT_TASK -D            #
#                          MT_SYS_FUNC -D MT_ZDO_FUNC -D LCD_SUPPORTED=DEBUG  #
#                          -D xPOWER_SAVING -lC "D:\Texas                     #
#                          Instruments\ZStack-CC2530-2.3.0-1.4.0\Projects\zst #
#                          ack\Samples\Te\CC2530DB\EndDeviceEB\List\" -lA     #
#                          "D:\Texas Instruments\ZStack-CC2530-2.3.0-1.4.0\Pr #
#                          ojects\zstack\Samples\Te\CC2530DB\EndDeviceEB\List #
#                          \" --diag_suppress Pe001,Pa010 -o "D:\Texas        #
#                          Instruments\ZStack-CC2530-2.3.0-1.4.0\Projects\zst #
#                          ack\Samples\Te\CC2530DB\EndDeviceEB\Obj\" -e       #
#                          --require_prototypes --debug --core=plain          #
#                          --dptr=16,1 --data_model=large                     #
#                          --code_model=banked --calling_convention=xdata_ree #
#                          ntrant --place_constants=data_rom                  #
#                          --nr_virtual_regs 16 -I "D:\Texas                  #
#                          Instruments\ZStack-CC2530-2.3.0-1.4.0\Projects\zst #
#                          ack\Samples\Te\CC2530DB\" -I "D:\Texas             #
#                          Instruments\ZStack-CC2530-2.3.0-1.4.0\Projects\zst #
#                          ack\Samples\Te\CC2530DB\..\SOURCE\" -I "D:\Texas   #
#                          Instruments\ZStack-CC2530-2.3.0-1.4.0\Projects\zst #
#                          ack\Samples\Te\CC2530DB\..\..\..\ZMAIN\TI2530DB\"  #
#                          -I "D:\Texas Instruments\ZStack-CC2530-2.3.0-1.4.0 #
#                          \Projects\zstack\Samples\Te\CC2530DB\..\..\..\..\. #
#                          .\COMPONENTS\MT\" -I "D:\Texas                     #
#                          Instruments\ZStack-CC2530-2.3.0-1.4.0\Projects\zst #
#                          ack\Samples\Te\CC2530DB\..\..\..\..\..\COMPONENTS\ #
#                          HAL\INCLUDE\" -I "D:\Texas                         #
#                          Instruments\ZStack-CC2530-2.3.0-1.4.0\Projects\zst #
#                          ack\Samples\Te\CC2530DB\..\..\..\..\..\COMPONENTS\ #
#                          HAL\TARGET\CC2530EB\" -I "D:\Texas                 #
#                          Instruments\ZStack-CC2530-2.3.0-1.4.0\Projects\zst #
#                          ack\Samples\Te\CC2530DB\..\..\..\..\..\COMPONENTS\ #
#                          OSAL\MCU\CCSOC\" -I "D:\Texas                      #
#                          Instruments\ZStack-CC2530-2.3.0-1.4.0\Projects\zst #
#                          ack\Samples\Te\CC2530DB\..\..\..\..\..\COMPONENTS\ #
#                          OSAL\INCLUDE\" -I "D:\Texas                        #
#                          Instruments\ZStack-CC2530-2.3.0-1.4.0\Projects\zst #
#                          ack\Samples\Te\CC2530DB\..\..\..\..\..\COMPONENTS\ #
#                          STACK\AF\" -I "D:\Texas Instruments\ZStack-CC2530- #
#                          2.3.0-1.4.0\Projects\zstack\Samples\Te\CC2530DB\.. #
#                          \..\..\..\..\COMPONENTS\STACK\NWK\" -I "D:\Texas   #
#                          Instruments\ZStack-CC2530-2.3.0-1.4.0\Projects\zst #
#                          ack\Samples\Te\CC2530DB\..\..\..\..\..\COMPONENTS\ #
#                          STACK\SEC\" -I "D:\Texas                           #
#                          Instruments\ZStack-CC2530-2.3.0-1.4.0\Projects\zst #
#                          ack\Samples\Te\CC2530DB\..\..\..\..\..\COMPONENTS\ #
#                          STACK\SAPI\" -I "D:\Texas                          #
#                          Instruments\ZStack-CC2530-2.3.0-1.4.0\Projects\zst #
#                          ack\Samples\Te\CC2530DB\..\..\..\..\..\COMPONENTS\ #
#                          STACK\SYS\" -I "D:\Texas                           #
#                          Instruments\ZStack-CC2530-2.3.0-1.4.0\Projects\zst #
#                          ack\Samples\Te\CC2530DB\..\..\..\..\..\COMPONENTS\ #
#                          STACK\ZDO\" -I "D:\Texas                           #
#                          Instruments\ZStack-CC2530-2.3.0-1.4.0\Projects\zst #
#                          ack\Samples\Te\CC2530DB\..\..\..\..\..\COMPONENTS\ #
#                          ZMAC\F8W\" -I "D:\Texas Instruments\ZStack-CC2530- #
#                          2.3.0-1.4.0\Projects\zstack\Samples\Te\CC2530DB\.. #
#                          \..\..\..\..\COMPONENTS\ZMAC\" -I "D:\Texas        #
#                          Instruments\ZStack-CC2530-2.3.0-1.4.0\Projects\zst #
#                          ack\Samples\Te\CC2530DB\..\..\..\..\..\COMPONENTS\ #
#                          SERVICES\SADDR\" -I "D:\Texas                      #
#                          Instruments\ZStack-CC2530-2.3.0-1.4.0\Projects\zst #
#                          ack\Samples\Te\CC2530DB\..\..\..\..\..\COMPONENTS\ #
#                          SERVICES\SDATA\" -I "D:\Texas                      #
#                          Instruments\ZStack-CC2530-2.3.0-1.4.0\Projects\zst #
#                          ack\Samples\Te\CC2530DB\..\..\..\..\..\COMPONENTS\ #
#                          MAC\INCLUDE\" -I "D:\Texas                         #
#                          Instruments\ZStack-CC2530-2.3.0-1.4.0\Projects\zst #
#                          ack\Samples\Te\CC2530DB\..\..\..\..\..\COMPONENTS\ #
#                          MAC\HIGH_LEVEL\" -I "D:\Texas                      #
#                          Instruments\ZStack-CC2530-2.3.0-1.4.0\Projects\zst #
#                          ack\Samples\Te\CC2530DB\..\..\..\..\..\COMPONENTS\ #
#                          MAC\LOW_LEVEL\srf04\" -I "D:\Texas                 #
#                          Instruments\ZStack-CC2530-2.3.0-1.4.0\Projects\zst #
#                          ack\Samples\Te\CC2530DB\..\..\..\..\..\COMPONENTS\ #
#                          MAC\LOW_LEVEL\srf04\SINGLE_CHIP\" -I "C:\Program   #
#                          Files\IAR Systems\Embedded Workbench               #
#                          5.3\8051\INC\" -I "C:\Program Files\IAR            #
#                          Systems\Embedded Workbench 5.3\8051\INC\CLIB\"     #
#                          -Ohz                                               #
#    List file          =  D:\Texas Instruments\ZStack-CC2530-2.3.0-1.4.0\Pro #
#                          jects\zstack\Samples\Te\CC2530DB\EndDeviceEB\List\ #
#                          OSAL_Te.lst                                        #
#    Object file        =  D:\Texas Instruments\ZStack-CC2530-2.3.0-1.4.0\Pro #
#                          jects\zstack\Samples\Te\CC2530DB\EndDeviceEB\Obj\O #
#                          SAL_Te.r51                                         #
#                                                                             #
#                                                                             #
###############################################################################

D:\Texas Instruments\ZStack-CC2530-2.3.0-1.4.0\Projects\zstack\Samples\Te\Source\OSAL_Te.c
      1          #include"ZComDef.h"
      2          #include"hal_drivers.h"
      3          #include"OSAL.h"
      4          #include"OSAL_Tasks.h"
      5          #if defined(MT_TASK)
      6          #include"MT.h"
      7          #include"MT_TASK.h"
      8          #endif
      9          
     10          #include"nwk.h"
     11          #include"APS.h"
     12          #include"ZDApp.h"
     13          
     14          
     15          #if defined (ZIGBEE_FREQ_AGILITY)||defined(ZIGBEE_PANID_CONFLICT)
     16          #include "ZDNwkMgr.h"
     17          #endif 
     18          
     19          #if defined(ZIGBEE_FRAGMENTATION)
     20          #include"aps_frag.h"
     21          #endif
     22          #include"Common.h"
     23          
     24          
     25          //////////////////////////////任务注册 ///////////////////

   \                                 In  segment XDATA_ROM_C, align 1
     26          const pTaskEventHandlerFn tasksArr[] = {
   \                     tasksArr:
   \   000000   ........     DW ??macEventLoop?relay, ??nwk_event_loop?relay
   \   000004   ........     DW ??Hal_ProcessEvent?relay, ??MT_ProcessEvent?relay
   \   000008   ........     DW ??APS_event_loop?relay, ??ZDApp_event_loop?relay
   \   00000C   ....         DW ??GenericApp_ProcessEvent?relay
     27            macEventLoop,
     28            nwk_event_loop,
     29            Hal_ProcessEvent,
     30          #if defined( MT_TASK )
     31            MT_ProcessEvent,
     32          #endif
     33            APS_event_loop,
     34          #if defined ( ZIGBEE_FRAGMENTATION )
     35            APSF_ProcessEvent,
     36          #endif
     37            ZDApp_event_loop,
     38          #if defined ( ZIGBEE_FREQ_AGILITY ) || defined ( ZIGBEE_PANID_CONFLICT )
     39            ZDNwkMgr_event_loop,
     40          #endif
     41            GenericApp_ProcessEvent   //自己定义的事务处理函数
     42          
     43          };
     44          

   \                                 In  segment XDATA_ROM_C, align 1
     45          const uint8 tasksCnt = sizeof( tasksArr ) / sizeof( tasksArr[0] );
   \                     tasksCnt:
   \   000000   07           DB 7

   \                                 In  segment XDATA_Z, align 1, keep-with-next
     46          uint16 *tasksEvents;
   \                     tasksEvents:
   \   000000                DS 2
   \   000002                REQUIRE __INIT_XDATA_Z
     47          
     48          /*********************************************************************
     49           * FUNCTIONS
     50           *********************************************************************/
     51          
     52          /*********************************************************************
     53           * @fn      osalInitTasks
     54           *
     55           * @brief   This function invokes the initialization function for each task.
     56           *
     57           * @param   void
     58           *
     59           * @return  none
     60           */

   \                                 In  segment BANKED_CODE, align 1, keep-with-next
     61          void osalInitTasks( void )
   \                     osalInitTasks:
     62          {
   \   000000   C082         PUSH    DPL
   \   000002   C083         PUSH    DPH
   \   000004                ; Saved register size: 2
   \   000004                ; Auto size: 0
     63            uint8 taskID = 0;
     64          
     65            tasksEvents = (uint16 *)osal_mem_alloc( sizeof( uint16 ) * tasksCnt);
   \   000004                ; Setup parameters for call to function osal_mem_alloc
   \   000004   7A0E         MOV     R2,#0xe
   \   000006   7B00         MOV     R3,#0x0
   \   000008   12....       LCALL   ??osal_mem_alloc?relay
   \   00000B   90....       MOV     DPTR,#tasksEvents
   \   00000E   EA           MOV     A,R2
   \   00000F   F0           MOVX    @DPTR,A
   \   000010   A3           INC     DPTR
   \   000011   EB           MOV     A,R3
   \   000012   F0           MOVX    @DPTR,A
     66            osal_memset( tasksEvents, 0, (sizeof( uint16 ) * tasksCnt));
   \   000013                ; Setup parameters for call to function osal_memset
   \   000013   7C0E         MOV     R4,#0xe
   \   000015   7D00         MOV     R5,#0x0
   \   000017   7900         MOV     R1,#0x0
   \   000019   12....       LCALL   ??osal_memset?relay
     67          
     68            macTaskInit( taskID++ );
   \   00001C                ; Setup parameters for call to function macTaskInit
   \   00001C   7900         MOV     R1,#0x0
   \   00001E   12....       LCALL   ??macTaskInit?relay
     69            nwk_init( taskID++ );
   \   000021                ; Setup parameters for call to function nwk_init
   \   000021   7901         MOV     R1,#0x1
   \   000023   12....       LCALL   ??nwk_init?relay
     70            Hal_Init( taskID++ );
   \   000026                ; Setup parameters for call to function Hal_Init
   \   000026   7902         MOV     R1,#0x2
   \   000028   12....       LCALL   ??Hal_Init?relay
     71          #if defined( MT_TASK )
     72            MT_TaskInit( taskID++ );
   \   00002B                ; Setup parameters for call to function MT_TaskInit
   \   00002B   7903         MOV     R1,#0x3
   \   00002D   12....       LCALL   ??MT_TaskInit?relay
     73          #endif
     74            APS_Init( taskID++ );
   \   000030                ; Setup parameters for call to function APS_Init
   \   000030   7904         MOV     R1,#0x4
   \   000032   12....       LCALL   ??APS_Init?relay
     75          #if defined ( ZIGBEE_FRAGMENTATION )
     76            APSF_Init( taskID++ );
     77          #endif
     78            ZDApp_Init( taskID++ );
   \   000035                ; Setup parameters for call to function ZDApp_Init
   \   000035   7905         MOV     R1,#0x5
   \   000037   12....       LCALL   ??ZDApp_Init?relay
     79          #if defined ( ZIGBEE_FREQ_AGILITY ) || defined ( ZIGBEE_PANID_CONFLICT )
     80            ZDNwkMgr_Init( taskID++ );
     81          #endif
     82            GenericApp_Init( taskID );
   \   00003A                ; Setup parameters for call to function GenericApp_Init
   \   00003A   7906         MOV     R1,#0x6
   \   00003C   12....       LCALL   ??GenericApp_Init?relay
     83          }
   \   00003F   D083         POP     DPH
   \   000041   D082         POP     DPL
   \   000043   02....       LJMP    ?BRET

   \                                 In  segment BANK_RELAYS, align 1
   \                     ??osalInitTasks?relay:
   \   000000   12....       LCALL   ?BDISPATCH
   \   000003   ......       DC24    osalInitTasks
     84          
     85          /*********************************************************************
     86          *********************************************************************/
     87          
     88          
     89          

   Maximum stack usage in bytes:

     Function             ISTACK PSTACK XSTACK
     --------             ------ ------ ------
     osalInitTasks            2      0      0
       -> osal_mem_alloc      4      0      0
       -> osal_memset         4      0      0
       -> macTaskInit         4      0      0
       -> nwk_init            4      0      0
       -> Hal_Init            4      0      0
       -> MT_TaskInit         4      0      0
       -> APS_Init            4      0      0
       -> ZDApp_Init          4      0      0
       -> GenericApp_Init     4      0      0


   Segment part sizes:

     Function/Label        Bytes
     --------------        -----
     tasksArr                14
     tasksCnt                 1
     tasksEvents              2
     osalInitTasks           70
     ??osalInitTasks?relay    6

 
 70 bytes in segment BANKED_CODE
  6 bytes in segment BANK_RELAYS
 15 bytes in segment XDATA_ROM_C
  2 bytes in segment XDATA_Z
 
 76 bytes of CODE  memory
 15 bytes of CONST memory
  2 bytes of XDATA memory

Errors: none
Warnings: none
